Product: MDK-ARM Professional 5.10
Component: ARM Compiler 5.04 update 1 (build 49)
Tool: armlink [5040049]

==============================================================================

Section Cross References

    startup_stm32f10x_hd.o(RESET) refers to startup_stm32f10x_hd.o(STACK) for __initial_sp
    startup_stm32f10x_hd.o(RESET) refers to startup_stm32f10x_hd.o(.text) for Reset_Handler
    startup_stm32f10x_hd.o(RESET) refers to stm32f10x_it.o(.text) for NMI_Handler
    startup_stm32f10x_hd.o(.text) refers to system_stm32f10x.o(.text) for SystemInit
    startup_stm32f10x_hd.o(.text) refers to entry.o(.ARM.Collect$$$$00000000) for __main
    system_stm32f10x.o(.text) refers to system_stm32f10x.o(.data) for SystemCoreClock
    main.o(.text) refers to nvic.o(.text) for NVIC_Config
    main.o(.text) refers to usart1.o(.text) for Usart1_Config
    main.o(.text) refers to dma.o(.text) for DMA_Config
    main.o(.text) refers to spi.o(.text) for SPI1_Init
    main.o(.text) refers to nrf24l01.o(.text) for Nrf24l01_Init
    main.o(.text) refers to led.o(.text) for LED_Config
    main.o(.text) refers to stm32f10x_gpio.o(.text) for GPIO_SetBits
    main.o(.text) refers to nrf24l01.o(.bss) for NRF24L01_RXDATA
    stm32f10x_it.o(.text) refers to stm32f10x_dma.o(.text) for DMA_GetFlagStatus
    stm32f10x_it.o(.text) refers to stm32f10x_usart.o(.text) for USART_GetITStatus
    stm32f10x_it.o(.text) refers to stm32f10x_it.o(.data) for count
    stm32f10x_it.o(.text) refers to stm32f10x_it.o(.bss) for Buffer
    usart1.o(.text) refers to stm32f10x_rcc.o(.text) for RCC_APB2PeriphClockCmd
    usart1.o(.text) refers to stm32f10x_gpio.o(.text) for GPIO_Init
    usart1.o(.text) refers to stm32f10x_usart.o(.text) for USART_Init
    nvic.o(.text) refers to misc.o(.text) for NVIC_PriorityGroupConfig
    spi.o(.text) refers to stm32f10x_rcc.o(.text) for RCC_APB2PeriphClockCmd
    spi.o(.text) refers to stm32f10x_gpio.o(.text) for GPIO_Init
    spi.o(.text) refers to stm32f10x_spi.o(.text) for SPI_Init
    nrf24l01.o(.text) refers to stm32f10x_gpio.o(.text) for GPIO_ResetBits
    nrf24l01.o(.text) refers to spi.o(.text) for SPI_RW
    nrf24l01.o(.text) refers to nrf24l01.o(.data) for TX_ADDRESS
    led.o(.text) refers to stm32f10x_rcc.o(.text) for RCC_APB2PeriphClockCmd
    led.o(.text) refers to stm32f10x_gpio.o(.text) for GPIO_Init
    dma.o(.text) refers to stm32f10x_rcc.o(.text) for RCC_AHBPeriphClockCmd
    dma.o(.text) refers to stm32f10x_dma.o(.text) for DMA_Init
    dma.o(.text) refers to stm32f10x_usart.o(.text) for USART_DMACmd
    dma.o(.text) refers to nrf24l01.o(.bss) for NRF24L01_RXDATA
    i2c.o(.text) refers to stm32f10x_rcc.o(.text) for RCC_APB2PeriphClockCmd
    i2c.o(.text) refers to stm32f10x_gpio.o(.text) for GPIO_Init
    i2c.o(.text) refers to stm32f10x_i2c.o(.text) for I2C_Cmd
    mpu6050.o(.text) refers to i2c.o(.text) for I2C_MPU_ByteWrite
    mpu6050.o(.text) refers to mpu6050.o(.data) for Acc
    stm32f10x_gpio.o(.text) refers to stm32f10x_rcc.o(.text) for RCC_APB2PeriphResetCmd
    stm32f10x_spi.o(.text) refers to stm32f10x_rcc.o(.text) for RCC_APB2PeriphResetCmd
    stm32f10x_usart.o(.text) refers to stm32f10x_rcc.o(.text) for RCC_APB2PeriphResetCmd
    stm32f10x_rcc.o(.text) refers to stm32f10x_rcc.o(.data) for APBAHBPrescTable
    stm32f10x_tim.o(.text) refers to stm32f10x_rcc.o(.text) for RCC_APB2PeriphResetCmd
    stm32f10x_i2c.o(.text) refers to stm32f10x_rcc.o(.text) for RCC_APB1PeriphResetCmd
    entry.o(.ARM.Collect$$$$00000000) refers (Special) to entry10a.o(.ARM.Collect$$$$0000000D) for __rt_final_cpp
    entry.o(.ARM.Collect$$$$00000000) refers (Special) to entry11a.o(.ARM.Collect$$$$0000000F) for __rt_final_exit
    entry.o(.ARM.Collect$$$$00000000) refers (Special) to entry7b.o(.ARM.Collect$$$$00000008) for _main_clock
    entry.o(.ARM.Collect$$$$00000000) refers (Special) to entry8b.o(.ARM.Collect$$$$0000000A) for _main_cpp_init
    entry.o(.ARM.Collect$$$$00000000) refers (Special) to entry9a.o(.ARM.Collect$$$$0000000B) for _main_init
    entry.o(.ARM.Collect$$$$00000000) refers (Special) to entry5.o(.ARM.Collect$$$$00000004) for _main_scatterload
    entry.o(.ARM.Collect$$$$00000000) refers (Special) to entry2.o(.ARM.Collect$$$$00000001) for _main_stk
    entry2.o(.ARM.Collect$$$$00000001) refers to entry2.o(.ARM.Collect$$$$00002712) for __lit__00000000
    entry2.o(.ARM.Collect$$$$00002712) refers to startup_stm32f10x_hd.o(STACK) for __initial_sp
    entry2.o(__vectab_stack_and_reset_area) refers to startup_stm32f10x_hd.o(STACK) for __initial_sp
    entry2.o(__vectab_stack_and_reset_area) refers to entry.o(.ARM.Collect$$$$00000000) for __main
    entry5.o(.ARM.Collect$$$$00000004) refers to init.o(.text) for __scatterload
    entry9a.o(.ARM.Collect$$$$0000000B) refers to main.o(.text) for main
    entry9b.o(.ARM.Collect$$$$0000000C) refers to main.o(.text) for main
    init.o(.text) refers to entry5.o(.ARM.Collect$$$$00000004) for __main_after_scatterload


==============================================================================

Removing Unused input sections from the image.

    Removing startup_stm32f10x_hd.o(HEAP), (512 bytes).
    Removing core_cm3.o(.emb_text), (32 bytes).
    Removing i2c.o(.text), (664 bytes).
    Removing mpu6050.o(.text), (188 bytes).
    Removing mpu6050.o(.data), (12 bytes).
    Removing stm32f10x_tim.o(.text), (3610 bytes).
    Removing stm32f10x_i2c.o(.text), (1028 bytes).

7 unused section(s) (total 6046 bytes) removed from the image.

==============================================================================

Image Symbol Table

    Local Symbols

    Symbol Name                              Value     Ov Type        Size  Object(Section)

    ../clib/microlib/init/entry.s            0x00000000   Number         0  entry8a.o ABSOLUTE
    ../clib/microlib/init/entry.s            0x00000000   Number         0  entry7b.o ABSOLUTE
    ../clib/microlib/init/entry.s            0x00000000   Number         0  entry7a.o ABSOLUTE
    ../clib/microlib/init/entry.s            0x00000000   Number         0  entry5.o ABSOLUTE
    ../clib/microlib/init/entry.s            0x00000000   Number         0  entry2.o ABSOLUTE
    ../clib/microlib/init/entry.s            0x00000000   Number         0  entry.o ABSOLUTE
    ../clib/microlib/init/entry.s            0x00000000   Number         0  entry11b.o ABSOLUTE
    ../clib/microlib/init/entry.s            0x00000000   Number         0  entry11a.o ABSOLUTE
    ../clib/microlib/init/entry.s            0x00000000   Number         0  entry10b.o ABSOLUTE
    ../clib/microlib/init/entry.s            0x00000000   Number         0  entry10a.o ABSOLUTE
    ../clib/microlib/init/entry.s            0x00000000   Number         0  entry9b.o ABSOLUTE
    ../clib/microlib/init/entry.s            0x00000000   Number         0  entry9a.o ABSOLUTE
    ../clib/microlib/init/entry.s            0x00000000   Number         0  entry8b.o ABSOLUTE
    ..\BSP\DMA.c                             0x00000000   Number         0  dma.o ABSOLUTE
    ..\BSP\I2C.c                             0x00000000   Number         0  i2c.o ABSOLUTE
    ..\BSP\LED.c                             0x00000000   Number         0  led.o ABSOLUTE
    ..\BSP\MPU6050.c                         0x00000000   Number         0  mpu6050.o ABSOLUTE
    ..\BSP\NRF24L01.c                        0x00000000   Number         0  nrf24l01.o ABSOLUTE
    ..\BSP\NVIC.c                            0x00000000   Number         0  nvic.o ABSOLUTE
    ..\BSP\SPI.c                             0x00000000   Number         0  spi.o ABSOLUTE
    ..\BSP\Usart1.c                          0x00000000   Number         0  usart1.o ABSOLUTE
    ..\CMSIS\core_cm3.c                      0x00000000   Number         0  core_cm3.o ABSOLUTE
    ..\CMSIS\startup\arm\startup_stm32f10x_hd.s 0x00000000   Number         0  startup_stm32f10x_hd.o ABSOLUTE
    ..\CMSIS\system_stm32f10x.c              0x00000000   Number         0  system_stm32f10x.o ABSOLUTE
    ..\Lib\src\misc.c                        0x00000000   Number         0  misc.o ABSOLUTE
    ..\Lib\src\stm32f10x_dma.c               0x00000000   Number         0  stm32f10x_dma.o ABSOLUTE
    ..\Lib\src\stm32f10x_gpio.c              0x00000000   Number         0  stm32f10x_gpio.o ABSOLUTE
    ..\Lib\src\stm32f10x_i2c.c               0x00000000   Number         0  stm32f10x_i2c.o ABSOLUTE
    ..\Lib\src\stm32f10x_rcc.c               0x00000000   Number         0  stm32f10x_rcc.o ABSOLUTE
    ..\Lib\src\stm32f10x_spi.c               0x00000000   Number         0  stm32f10x_spi.o ABSOLUTE
    ..\Lib\src\stm32f10x_tim.c               0x00000000   Number         0  stm32f10x_tim.o ABSOLUTE
    ..\Lib\src\stm32f10x_usart.c             0x00000000   Number         0  stm32f10x_usart.o ABSOLUTE
    ..\User\main.c                           0x00000000   Number         0  main.o ABSOLUTE
    ..\User\stm32f10x_it.c                   0x00000000   Number         0  stm32f10x_it.o ABSOLUTE
    ..\\CMSIS\\core_cm3.c                    0x00000000   Number         0  core_cm3.o ABSOLUTE
    dc.s                                     0x00000000   Number         0  dc.o ABSOLUTE
    handlers.s                               0x00000000   Number         0  handlers.o ABSOLUTE
    init.s                                   0x00000000   Number         0  init.o ABSOLUTE
    RESET                                    0x08000000   Section      304  startup_stm32f10x_hd.o(RESET)
    .ARM.Collect$$$$00000000                 0x08000130   Section        0  entry.o(.ARM.Collect$$$$00000000)
    .ARM.Collect$$$$00000001                 0x08000130   Section        4  entry2.o(.ARM.Collect$$$$00000001)
    .ARM.Collect$$$$00000004                 0x08000134   Section        4  entry5.o(.ARM.Collect$$$$00000004)
    .ARM.Collect$$$$00000008                 0x08000138   Section        0  entry7b.o(.ARM.Collect$$$$00000008)
    .ARM.Collect$$$$0000000A                 0x08000138   Section        0  entry8b.o(.ARM.Collect$$$$0000000A)
    .ARM.Collect$$$$0000000B                 0x08000138   Section        8  entry9a.o(.ARM.Collect$$$$0000000B)
    .ARM.Collect$$$$0000000D                 0x08000140   Section        0  entry10a.o(.ARM.Collect$$$$0000000D)
    .ARM.Collect$$$$0000000F                 0x08000140   Section        0  entry11a.o(.ARM.Collect$$$$0000000F)
    .ARM.Collect$$$$00002712                 0x08000140   Section        4  entry2.o(.ARM.Collect$$$$00002712)
    __lit__00000000                          0x08000140   Data           4  entry2.o(.ARM.Collect$$$$00002712)
    .text                                    0x08000144   Section       36  startup_stm32f10x_hd.o(.text)
    .text                                    0x08000168   Section        0  system_stm32f10x.o(.text)
    SetSysClockTo72                          0x08000169   Thumb Code   214  system_stm32f10x.o(.text)
    SetSysClock                              0x0800023f   Thumb Code     8  system_stm32f10x.o(.text)
    .text                                    0x08000348   Section        0  main.o(.text)
    .text                                    0x080003b4   Section        0  stm32f10x_it.o(.text)
    .text                                    0x080004d8   Section        0  usart1.o(.text)
    .text                                    0x08000580   Section        0  nvic.o(.text)
    .text                                    0x080005c4   Section        0  spi.o(.text)
    .text                                    0x080006bc   Section        0  nrf24l01.o(.text)
    .text                                    0x08000984   Section        0  led.o(.text)
    .text                                    0x080009b0   Section        0  dma.o(.text)
    .text                                    0x08000a20   Section        0  misc.o(.text)
    .text                                    0x08000afc   Section        0  stm32f10x_gpio.o(.text)
    .text                                    0x08000e58   Section        0  stm32f10x_spi.o(.text)
    .text                                    0x08001164   Section        0  stm32f10x_usart.o(.text)
    .text                                    0x0800156c   Section        0  stm32f10x_rcc.o(.text)
    .text                                    0x08001910   Section        0  stm32f10x_dma.o(.text)
    .text                                    0x08001b64   Section       36  init.o(.text)
    i.__scatterload_copy                     0x08001b88   Section       14  handlers.o(i.__scatterload_copy)
    i.__scatterload_null                     0x08001b96   Section        2  handlers.o(i.__scatterload_null)
    i.__scatterload_zeroinit                 0x08001b98   Section       14  handlers.o(i.__scatterload_zeroinit)
    .data                                    0x20000000   Section       20  system_stm32f10x.o(.data)
    .data                                    0x20000014   Section        2  stm32f10x_it.o(.data)
    count                                    0x20000015   Data           1  stm32f10x_it.o(.data)
    .data                                    0x20000016   Section       10  nrf24l01.o(.data)
    .data                                    0x20000020   Section       20  stm32f10x_rcc.o(.data)
    APBAHBPrescTable                         0x20000020   Data          16  stm32f10x_rcc.o(.data)
    ADCPrescTable                            0x20000030   Data           4  stm32f10x_rcc.o(.data)
    .bss                                     0x20000034   Section       46  stm32f10x_it.o(.bss)
    .bss                                     0x20000062   Section       64  nrf24l01.o(.bss)
    STACK                                    0x200000a8   Section     1024  startup_stm32f10x_hd.o(STACK)

    Global Symbols

    Symbol Name                              Value     Ov Type        Size  Object(Section)

    BuildAttributes$$THM_ISAv4$P$D$K$B$S$PE$A:L22UL41UL21$X:L11$S22US41US21$IEEE1$IW$USESV6$~STKCKD$USESV7$~SHL$OSPACE$EBA8$MICROLIB$REQ8$PRES8$EABIv2 0x00000000   Number         0  anon$$obj.o ABSOLUTE
    __ARM_use_no_argv                        0x00000000   Number         0  main.o ABSOLUTE
    __cpp_initialize__aeabi_                  - Undefined Weak Reference
    __cxa_finalize                            - Undefined Weak Reference
    __decompress                              - Undefined Weak Reference
    _clock_init                               - Undefined Weak Reference
    _microlib_exit                            - Undefined Weak Reference
    __Vectors_Size                           0x00000130   Number         0  startup_stm32f10x_hd.o ABSOLUTE
    __Vectors                                0x08000000   Data           4  startup_stm32f10x_hd.o(RESET)
    __Vectors_End                            0x08000130   Data           0  startup_stm32f10x_hd.o(RESET)
    __main                                   0x08000131   Thumb Code     0  entry.o(.ARM.Collect$$$$00000000)
    _main_stk                                0x08000131   Thumb Code     0  entry2.o(.ARM.Collect$$$$00000001)
    _main_scatterload                        0x08000135   Thumb Code     0  entry5.o(.ARM.Collect$$$$00000004)
    __main_after_scatterload                 0x08000139   Thumb Code     0  entry5.o(.ARM.Collect$$$$00000004)
    _main_clock                              0x08000139   Thumb Code     0  entry7b.o(.ARM.Collect$$$$00000008)
    _main_cpp_init                           0x08000139   Thumb Code     0  entry8b.o(.ARM.Collect$$$$0000000A)
    _main_init                               0x08000139   Thumb Code     0  entry9a.o(.ARM.Collect$$$$0000000B)
    __rt_final_cpp                           0x08000141   Thumb Code     0  entry10a.o(.ARM.Collect$$$$0000000D)
    __rt_final_exit                          0x08000141   Thumb Code     0  entry11a.o(.ARM.Collect$$$$0000000F)
    Reset_Handler                            0x08000145   Thumb Code     8  startup_stm32f10x_hd.o(.text)
    ADC1_2_IRQHandler                        0x0800015f   Thumb Code     0  startup_stm32f10x_hd.o(.text)
    ADC3_IRQHandler                          0x0800015f   Thumb Code     0  startup_stm32f10x_hd.o(.text)
    CAN1_RX1_IRQHandler                      0x0800015f   Thumb Code     0  startup_stm32f10x_hd.o(.text)
    CAN1_SCE_IRQHandler                      0x0800015f   Thumb Code     0  startup_stm32f10x_hd.o(.text)
    DMA1_Channel1_IRQHandler                 0x0800015f   Thumb Code     0  startup_stm32f10x_hd.o(.text)
    DMA1_Channel2_IRQHandler                 0x0800015f   Thumb Code     0  startup_stm32f10x_hd.o(.text)
    DMA1_Channel3_IRQHandler                 0x0800015f   Thumb Code     0  startup_stm32f10x_hd.o(.text)
    DMA1_Channel5_IRQHandler                 0x0800015f   Thumb Code     0  startup_stm32f10x_hd.o(.text)
    DMA1_Channel6_IRQHandler                 0x0800015f   Thumb Code     0  startup_stm32f10x_hd.o(.text)
    DMA1_Channel7_IRQHandler                 0x0800015f   Thumb Code     0  startup_stm32f10x_hd.o(.text)
    DMA2_Channel1_IRQHandler                 0x0800015f   Thumb Code     0  startup_stm32f10x_hd.o(.text)
    DMA2_Channel2_IRQHandler                 0x0800015f   Thumb Code     0  startup_stm32f10x_hd.o(.text)
    DMA2_Channel3_IRQHandler                 0x0800015f   Thumb Code     0  startup_stm32f10x_hd.o(.text)
    DMA2_Channel4_5_IRQHandler               0x0800015f   Thumb Code     0  startup_stm32f10x_hd.o(.text)
    EXTI0_IRQHandler                         0x0800015f   Thumb Code     0  startup_stm32f10x_hd.o(.text)
    EXTI15_10_IRQHandler                     0x0800015f   Thumb Code     0  startup_stm32f10x_hd.o(.text)
    EXTI1_IRQHandler                         0x0800015f   Thumb Code     0  startup_stm32f10x_hd.o(.text)
    EXTI2_IRQHandler                         0x0800015f   Thumb Code     0  startup_stm32f10x_hd.o(.text)
    EXTI3_IRQHandler                         0x0800015f   Thumb Code     0  startup_stm32f10x_hd.o(.text)
    EXTI4_IRQHandler                         0x0800015f   Thumb Code     0  startup_stm32f10x_hd.o(.text)
    EXTI9_5_IRQHandler                       0x0800015f   Thumb Code     0  startup_stm32f10x_hd.o(.text)
    FLASH_IRQHandler                         0x0800015f   Thumb Code     0  startup_stm32f10x_hd.o(.text)
    FSMC_IRQHandler                          0x0800015f   Thumb Code     0  startup_stm32f10x_hd.o(.text)
    I2C1_ER_IRQHandler                       0x0800015f   Thumb Code     0  startup_stm32f10x_hd.o(.text)
    I2C1_EV_IRQHandler                       0x0800015f   Thumb Code     0  startup_stm32f10x_hd.o(.text)
    I2C2_ER_IRQHandler                       0x0800015f   Thumb Code     0  startup_stm32f10x_hd.o(.text)
    I2C2_EV_IRQHandler                       0x0800015f   Thumb Code     0  startup_stm32f10x_hd.o(.text)
    PVD_IRQHandler                           0x0800015f   Thumb Code     0  startup_stm32f10x_hd.o(.text)
    RCC_IRQHandler                           0x0800015f   Thumb Code     0  startup_stm32f10x_hd.o(.text)
    RTCAlarm_IRQHandler                      0x0800015f   Thumb Code     0  startup_stm32f10x_hd.o(.text)
    RTC_IRQHandler                           0x0800015f   Thumb Code     0  startup_stm32f10x_hd.o(.text)
    SDIO_IRQHandler                          0x0800015f   Thumb Code     0  startup_stm32f10x_hd.o(.text)
    SPI1_IRQHandler                          0x0800015f   Thumb Code     0  startup_stm32f10x_hd.o(.text)
    SPI2_IRQHandler                          0x0800015f   Thumb Code     0  startup_stm32f10x_hd.o(.text)
    SPI3_IRQHandler                          0x0800015f   Thumb Code     0  startup_stm32f10x_hd.o(.text)
    TAMPER_IRQHandler                        0x0800015f   Thumb Code     0  startup_stm32f10x_hd.o(.text)
    TIM1_BRK_IRQHandler                      0x0800015f   Thumb Code     0  startup_stm32f10x_hd.o(.text)
    TIM1_CC_IRQHandler                       0x0800015f   Thumb Code     0  startup_stm32f10x_hd.o(.text)
    TIM1_TRG_COM_IRQHandler                  0x0800015f   Thumb Code     0  startup_stm32f10x_hd.o(.text)
    TIM1_UP_IRQHandler                       0x0800015f   Thumb Code     0  startup_stm32f10x_hd.o(.text)
    TIM2_IRQHandler                          0x0800015f   Thumb Code     0  startup_stm32f10x_hd.o(.text)
    TIM3_IRQHandler                          0x0800015f   Thumb Code     0  startup_stm32f10x_hd.o(.text)
    TIM4_IRQHandler                          0x0800015f   Thumb Code     0  startup_stm32f10x_hd.o(.text)
    TIM5_IRQHandler                          0x0800015f   Thumb Code     0  startup_stm32f10x_hd.o(.text)
    TIM6_IRQHandler                          0x0800015f   Thumb Code     0  startup_stm32f10x_hd.o(.text)
    TIM7_IRQHandler                          0x0800015f   Thumb Code     0  startup_stm32f10x_hd.o(.text)
    TIM8_BRK_IRQHandler                      0x0800015f   Thumb Code     0  startup_stm32f10x_hd.o(.text)
    TIM8_CC_IRQHandler                       0x0800015f   Thumb Code     0  startup_stm32f10x_hd.o(.text)
    TIM8_TRG_COM_IRQHandler                  0x0800015f   Thumb Code     0  startup_stm32f10x_hd.o(.text)
    TIM8_UP_IRQHandler                       0x0800015f   Thumb Code     0  startup_stm32f10x_hd.o(.text)
    UART4_IRQHandler                         0x0800015f   Thumb Code     0  startup_stm32f10x_hd.o(.text)
    UART5_IRQHandler                         0x0800015f   Thumb Code     0  startup_stm32f10x_hd.o(.text)
    USART2_IRQHandler                        0x0800015f   Thumb Code     0  startup_stm32f10x_hd.o(.text)
    USART3_IRQHandler                        0x0800015f   Thumb Code     0  startup_stm32f10x_hd.o(.text)
    USBWakeUp_IRQHandler                     0x0800015f   Thumb Code     0  startup_stm32f10x_hd.o(.text)
    USB_HP_CAN1_TX_IRQHandler                0x0800015f   Thumb Code     0  startup_stm32f10x_hd.o(.text)
    USB_LP_CAN1_RX0_IRQHandler               0x0800015f   Thumb Code     0  startup_stm32f10x_hd.o(.text)
    WWDG_IRQHandler                          0x0800015f   Thumb Code     0  startup_stm32f10x_hd.o(.text)
    SystemInit                               0x08000247   Thumb Code    78  system_stm32f10x.o(.text)
    SystemCoreClockUpdate                    0x08000295   Thumb Code   142  system_stm32f10x.o(.text)
    Sys_Init                                 0x08000349   Thumb Code    42  main.o(.text)
    main                                     0x08000373   Thumb Code    58  main.o(.text)
    NMI_Handler                              0x080003b5   Thumb Code     2  stm32f10x_it.o(.text)
    HardFault_Handler                        0x080003b7   Thumb Code     4  stm32f10x_it.o(.text)
    MemManage_Handler                        0x080003bb   Thumb Code     4  stm32f10x_it.o(.text)
    BusFault_Handler                         0x080003bf   Thumb Code     4  stm32f10x_it.o(.text)
    UsageFault_Handler                       0x080003c3   Thumb Code     4  stm32f10x_it.o(.text)
    SVC_Handler                              0x080003c7   Thumb Code     2  stm32f10x_it.o(.text)
    DebugMon_Handler                         0x080003c9   Thumb Code     2  stm32f10x_it.o(.text)
    PendSV_Handler                           0x080003cb   Thumb Code     2  stm32f10x_it.o(.text)
    SysTick_Handler                          0x080003cd   Thumb Code     2  stm32f10x_it.o(.text)
    DMA1_Channel4_IRQHandler                 0x080003cf   Thumb Code    22  stm32f10x_it.o(.text)
    USART1_IRQHandler                        0x080003e5   Thumb Code   222  stm32f10x_it.o(.text)
    Usart1_Config                            0x080004d9   Thumb Code   126  usart1.o(.text)
    fputc                                    0x08000557   Thumb Code    32  usart1.o(.text)
    NVIC_Config                              0x08000581   Thumb Code    68  nvic.o(.text)
    SPI1_Init                                0x080005c5   Thumb Code   186  spi.o(.text)
    SPI_RW                                   0x0800067f   Thumb Code    50  spi.o(.text)
    NRF_Write_Reg                            0x080006bd   Thumb Code    48  nrf24l01.o(.text)
    NRF_Read_Reg                             0x080006ed   Thumb Code    46  nrf24l01.o(.text)
    NRF_Write_Buf                            0x0800071b   Thumb Code    66  nrf24l01.o(.text)
    NRF_Read_Buf                             0x0800075d   Thumb Code    68  nrf24l01.o(.text)
    NRF_TxPacket                             0x080007a1   Thumb Code    44  nrf24l01.o(.text)
    NRF_TxPacket_AP                          0x080007cd   Thumb Code    34  nrf24l01.o(.text)
    NRF_Rxpacket                             0x080007ef   Thumb Code    88  nrf24l01.o(.text)
    Nrf24l01_Check                           0x08000847   Thumb Code    62  nrf24l01.o(.text)
    Nrf24l01_Init                            0x08000885   Thumb Code   238  nrf24l01.o(.text)
    LED_Config                               0x08000985   Thumb Code    38  led.o(.text)
    DMA_Config                               0x080009b1   Thumb Code    98  dma.o(.text)
    NVIC_PriorityGroupConfig                 0x08000a21   Thumb Code    10  misc.o(.text)
    NVIC_Init                                0x08000a2b   Thumb Code   100  misc.o(.text)
    NVIC_SetVectorTable                      0x08000a8f   Thumb Code    14  misc.o(.text)
    NVIC_SystemLPConfig                      0x08000a9d   Thumb Code    34  misc.o(.text)
    SysTick_CLKSourceConfig                  0x08000abf   Thumb Code    40  misc.o(.text)
    GPIO_DeInit                              0x08000afd   Thumb Code   172  stm32f10x_gpio.o(.text)
    GPIO_AFIODeInit                          0x08000ba9   Thumb Code    20  stm32f10x_gpio.o(.text)
    GPIO_Init                                0x08000bbd   Thumb Code   278  stm32f10x_gpio.o(.text)
    GPIO_StructInit                          0x08000cd3   Thumb Code    16  stm32f10x_gpio.o(.text)
    GPIO_ReadInputDataBit                    0x08000ce3   Thumb Code    18  stm32f10x_gpio.o(.text)
    GPIO_ReadInputData                       0x08000cf5   Thumb Code     8  stm32f10x_gpio.o(.text)
    GPIO_ReadOutputDataBit                   0x08000cfd   Thumb Code    18  stm32f10x_gpio.o(.text)
    GPIO_ReadOutputData                      0x08000d0f   Thumb Code     8  stm32f10x_gpio.o(.text)
    GPIO_SetBits                             0x08000d17   Thumb Code     4  stm32f10x_gpio.o(.text)
    GPIO_ResetBits                           0x08000d1b   Thumb Code     4  stm32f10x_gpio.o(.text)
    GPIO_WriteBit                            0x08000d1f   Thumb Code    10  stm32f10x_gpio.o(.text)
    GPIO_Write                               0x08000d29   Thumb Code     4  stm32f10x_gpio.o(.text)
    GPIO_PinLockConfig                       0x08000d2d   Thumb Code    18  stm32f10x_gpio.o(.text)
    GPIO_EventOutputConfig                   0x08000d3f   Thumb Code    26  stm32f10x_gpio.o(.text)
    GPIO_EventOutputCmd                      0x08000d59   Thumb Code     6  stm32f10x_gpio.o(.text)
    GPIO_PinRemapConfig                      0x08000d5f   Thumb Code   138  stm32f10x_gpio.o(.text)
    GPIO_EXTILineConfig                      0x08000de9   Thumb Code    66  stm32f10x_gpio.o(.text)
    GPIO_ETH_MediaInterfaceConfig            0x08000e2b   Thumb Code     8  stm32f10x_gpio.o(.text)
    SPI_I2S_DeInit                           0x08000e59   Thumb Code    76  stm32f10x_spi.o(.text)
    SPI_Init                                 0x08000ea5   Thumb Code    60  stm32f10x_spi.o(.text)
    I2S_Init                                 0x08000ee1   Thumb Code   226  stm32f10x_spi.o(.text)
    SPI_StructInit                           0x08000fc3   Thumb Code    24  stm32f10x_spi.o(.text)
    I2S_StructInit                           0x08000fdb   Thumb Code    20  stm32f10x_spi.o(.text)
    SPI_Cmd                                  0x08000fef   Thumb Code    24  stm32f10x_spi.o(.text)
    I2S_Cmd                                  0x08001007   Thumb Code    24  stm32f10x_spi.o(.text)
    SPI_I2S_ITConfig                         0x0800101f   Thumb Code    32  stm32f10x_spi.o(.text)
    SPI_I2S_DMACmd                           0x0800103f   Thumb Code    18  stm32f10x_spi.o(.text)
    SPI_I2S_SendData                         0x08001051   Thumb Code     4  stm32f10x_spi.o(.text)
    SPI_I2S_ReceiveData                      0x08001055   Thumb Code     6  stm32f10x_spi.o(.text)
    SPI_NSSInternalSoftwareConfig            0x0800105b   Thumb Code    30  stm32f10x_spi.o(.text)
    SPI_SSOutputCmd                          0x08001079   Thumb Code    24  stm32f10x_spi.o(.text)
    SPI_DataSizeConfig                       0x08001091   Thumb Code    18  stm32f10x_spi.o(.text)
    SPI_TransmitCRC                          0x080010a3   Thumb Code    10  stm32f10x_spi.o(.text)
    SPI_CalculateCRC                         0x080010ad   Thumb Code    24  stm32f10x_spi.o(.text)
    SPI_GetCRC                               0x080010c5   Thumb Code    16  stm32f10x_spi.o(.text)
    SPI_GetCRCPolynomial                     0x080010d5   Thumb Code     6  stm32f10x_spi.o(.text)
    SPI_BiDirectionalLineConfig              0x080010db   Thumb Code    28  stm32f10x_spi.o(.text)
    SPI_I2S_GetFlagStatus                    0x080010f7   Thumb Code    18  stm32f10x_spi.o(.text)
    SPI_I2S_ClearFlag                        0x08001109   Thumb Code     6  stm32f10x_spi.o(.text)
    SPI_I2S_GetITStatus                      0x0800110f   Thumb Code    52  stm32f10x_spi.o(.text)
    SPI_I2S_ClearITPendingBit                0x08001143   Thumb Code    20  stm32f10x_spi.o(.text)
    USART_DeInit                             0x08001165   Thumb Code   134  stm32f10x_usart.o(.text)
    USART_Init                               0x080011eb   Thumb Code   210  stm32f10x_usart.o(.text)
    USART_StructInit                         0x080012bd   Thumb Code    24  stm32f10x_usart.o(.text)
    USART_ClockInit                          0x080012d5   Thumb Code    34  stm32f10x_usart.o(.text)
    USART_ClockStructInit                    0x080012f7   Thumb Code    12  stm32f10x_usart.o(.text)
    USART_Cmd                                0x08001303   Thumb Code    24  stm32f10x_usart.o(.text)
    USART_ITConfig                           0x0800131b   Thumb Code    74  stm32f10x_usart.o(.text)
    USART_DMACmd                             0x08001365   Thumb Code    18  stm32f10x_usart.o(.text)
    USART_SetAddress                         0x08001377   Thumb Code    18  stm32f10x_usart.o(.text)
    USART_WakeUpConfig                       0x08001389   Thumb Code    18  stm32f10x_usart.o(.text)
    USART_ReceiverWakeUpCmd                  0x0800139b   Thumb Code    24  stm32f10x_usart.o(.text)
    USART_LINBreakDetectLengthConfig         0x080013b3   Thumb Code    18  stm32f10x_usart.o(.text)
    USART_LINCmd                             0x080013c5   Thumb Code    24  stm32f10x_usart.o(.text)
    USART_SendData                           0x080013dd   Thumb Code     8  stm32f10x_usart.o(.text)
    USART_ReceiveData                        0x080013e5   Thumb Code    10  stm32f10x_usart.o(.text)
    USART_SendBreak                          0x080013ef   Thumb Code    10  stm32f10x_usart.o(.text)
    USART_SetGuardTime                       0x080013f9   Thumb Code    16  stm32f10x_usart.o(.text)
    USART_SetPrescaler                       0x08001409   Thumb Code    16  stm32f10x_usart.o(.text)
    USART_SmartCardCmd                       0x08001419   Thumb Code    24  stm32f10x_usart.o(.text)
    USART_SmartCardNACKCmd                   0x08001431   Thumb Code    24  stm32f10x_usart.o(.text)
    USART_HalfDuplexCmd                      0x08001449   Thumb Code    24  stm32f10x_usart.o(.text)
    USART_OverSampling8Cmd                   0x08001461   Thumb Code    22  stm32f10x_usart.o(.text)
    USART_OneBitMethodCmd                    0x08001477   Thumb Code    24  stm32f10x_usart.o(.text)
    USART_IrDAConfig                         0x0800148f   Thumb Code    18  stm32f10x_usart.o(.text)
    USART_IrDACmd                            0x080014a1   Thumb Code    24  stm32f10x_usart.o(.text)
    USART_GetFlagStatus                      0x080014b9   Thumb Code    26  stm32f10x_usart.o(.text)
    USART_ClearFlag                          0x080014d3   Thumb Code    18  stm32f10x_usart.o(.text)
    USART_GetITStatus                        0x080014e5   Thumb Code    84  stm32f10x_usart.o(.text)
    USART_ClearITPendingBit                  0x08001539   Thumb Code    52  stm32f10x_usart.o(.text)
    RCC_DeInit                               0x0800156d   Thumb Code    64  stm32f10x_rcc.o(.text)
    RCC_HSEConfig                            0x080015ad   Thumb Code    70  stm32f10x_rcc.o(.text)
    RCC_GetFlagStatus                        0x080015f3   Thumb Code    56  stm32f10x_rcc.o(.text)
    RCC_WaitForHSEStartUp                    0x0800162b   Thumb Code    56  stm32f10x_rcc.o(.text)
    RCC_AdjustHSICalibrationValue            0x08001663   Thumb Code    20  stm32f10x_rcc.o(.text)
    RCC_HSICmd                               0x08001677   Thumb Code     6  stm32f10x_rcc.o(.text)
    RCC_PLLConfig                            0x0800167d   Thumb Code    24  stm32f10x_rcc.o(.text)
    RCC_PLLCmd                               0x08001695   Thumb Code     6  stm32f10x_rcc.o(.text)
    RCC_SYSCLKConfig                         0x0800169b   Thumb Code    18  stm32f10x_rcc.o(.text)
    RCC_GetSYSCLKSource                      0x080016ad   Thumb Code    10  stm32f10x_rcc.o(.text)
    RCC_HCLKConfig                           0x080016b7   Thumb Code    18  stm32f10x_rcc.o(.text)
    RCC_PCLK1Config                          0x080016c9   Thumb Code    18  stm32f10x_rcc.o(.text)
    RCC_PCLK2Config                          0x080016db   Thumb Code    20  stm32f10x_rcc.o(.text)
    RCC_ITConfig                             0x080016ef   Thumb Code    26  stm32f10x_rcc.o(.text)
    RCC_USBCLKConfig                         0x08001709   Thumb Code     8  stm32f10x_rcc.o(.text)
    RCC_ADCCLKConfig                         0x08001711   Thumb Code    18  stm32f10x_rcc.o(.text)
    RCC_LSEConfig                            0x08001723   Thumb Code    50  stm32f10x_rcc.o(.text)
    RCC_LSICmd                               0x08001755   Thumb Code     6  stm32f10x_rcc.o(.text)
    RCC_RTCCLKConfig                         0x0800175b   Thumb Code    12  stm32f10x_rcc.o(.text)
    RCC_RTCCLKCmd                            0x08001767   Thumb Code     8  stm32f10x_rcc.o(.text)
    RCC_GetClocksFreq                        0x0800176f   Thumb Code   192  stm32f10x_rcc.o(.text)
    RCC_AHBPeriphClockCmd                    0x0800182f   Thumb Code    26  stm32f10x_rcc.o(.text)
    RCC_APB2PeriphClockCmd                   0x08001849   Thumb Code    26  stm32f10x_rcc.o(.text)
    RCC_APB1PeriphClockCmd                   0x08001863   Thumb Code    26  stm32f10x_rcc.o(.text)
    RCC_APB2PeriphResetCmd                   0x0800187d   Thumb Code    26  stm32f10x_rcc.o(.text)
    RCC_APB1PeriphResetCmd                   0x08001897   Thumb Code    26  stm32f10x_rcc.o(.text)
    RCC_BackupResetCmd                       0x080018b1   Thumb Code     8  stm32f10x_rcc.o(.text)
    RCC_ClockSecuritySystemCmd               0x080018b9   Thumb Code     6  stm32f10x_rcc.o(.text)
    RCC_MCOConfig                            0x080018bf   Thumb Code     6  stm32f10x_rcc.o(.text)
    RCC_ClearFlag                            0x080018c5   Thumb Code    14  stm32f10x_rcc.o(.text)
    RCC_GetITStatus                          0x080018d3   Thumb Code    20  stm32f10x_rcc.o(.text)
    RCC_ClearITPendingBit                    0x080018e7   Thumb Code     6  stm32f10x_rcc.o(.text)
    DMA_DeInit                               0x08001911   Thumb Code   324  stm32f10x_dma.o(.text)
    DMA_Init                                 0x08001a55   Thumb Code    60  stm32f10x_dma.o(.text)
    DMA_StructInit                           0x08001a91   Thumb Code    26  stm32f10x_dma.o(.text)
    DMA_Cmd                                  0x08001aab   Thumb Code    24  stm32f10x_dma.o(.text)
    DMA_ITConfig                             0x08001ac3   Thumb Code    18  stm32f10x_dma.o(.text)
    DMA_SetCurrDataCounter                   0x08001ad5   Thumb Code     4  stm32f10x_dma.o(.text)
    DMA_GetCurrDataCounter                   0x08001ad9   Thumb Code     8  stm32f10x_dma.o(.text)
    DMA_GetFlagStatus                        0x08001ae1   Thumb Code    40  stm32f10x_dma.o(.text)
    DMA_ClearFlag                            0x08001b09   Thumb Code    22  stm32f10x_dma.o(.text)
    DMA_GetITStatus                          0x08001b1f   Thumb Code    40  stm32f10x_dma.o(.text)
    DMA_ClearITPendingBit                    0x08001b47   Thumb Code    22  stm32f10x_dma.o(.text)
    __scatterload                            0x08001b65   Thumb Code    28  init.o(.text)
    __scatterload_rt2                        0x08001b65   Thumb Code     0  init.o(.text)
    __scatterload_copy                       0x08001b89   Thumb Code    14  handlers.o(i.__scatterload_copy)
    __scatterload_null                       0x08001b97   Thumb Code     2  handlers.o(i.__scatterload_null)
    __scatterload_zeroinit                   0x08001b99   Thumb Code    14  handlers.o(i.__scatterload_zeroinit)
    Region$$Table$$Base                      0x08001ba8   Number         0  anon$$obj.o(Region$$Table)
    Region$$Table$$Limit                     0x08001bc8   Number         0  anon$$obj.o(Region$$Table)
    SystemCoreClock                          0x20000000   Data           4  system_stm32f10x.o(.data)
    AHBPrescTable                            0x20000004   Data          16  system_stm32f10x.o(.data)
    TX_Data_OK                               0x20000014   Data           1  stm32f10x_it.o(.data)
    TX_ADDRESS                               0x20000016   Data           5  nrf24l01.o(.data)
    RX_ADDRESS                               0x2000001b   Data           5  nrf24l01.o(.data)
    Buffer                                   0x20000034   Data          23  stm32f10x_it.o(.bss)
    Receive_Data                             0x2000004b   Data          23  stm32f10x_it.o(.bss)
    NRF24L01_RXDATA                          0x20000062   Data          32  nrf24l01.o(.bss)
    NRF24L01_TXDATA                          0x20000082   Data          32  nrf24l01.o(.bss)
    __initial_sp                             0x200004a8   Data           0  startup_stm32f10x_hd.o(STACK)



==============================================================================

Memory Map of the image

  Image Entry point : 0x08000131

  Load Region LR_IROM1 (Base: 0x08000000, Size: 0x00001bfc, Max: 0x00080000, ABSOLUTE)

    Execution Region ER_IROM1 (Base: 0x08000000, Size: 0x00001bc8, Max: 0x00080000, ABSOLUTE)

    Base Addr    Size         Type   Attr      Idx    E Section Name        Object

    0x08000000   0x00000130   Data   RO            3    RESET               startup_stm32f10x_hd.o
    0x08000130   0x00000000   Code   RO          354  * .ARM.Collect$$$$00000000  mc_w.l(entry.o)
    0x08000130   0x00000004   Code   RO          357    .ARM.Collect$$$$00000001  mc_w.l(entry2.o)
    0x08000134   0x00000004   Code   RO          360    .ARM.Collect$$$$00000004  mc_w.l(entry5.o)
    0x08000138   0x00000000   Code   RO          362    .ARM.Collect$$$$00000008  mc_w.l(entry7b.o)
    0x08000138   0x00000000   Code   RO          364    .ARM.Collect$$$$0000000A  mc_w.l(entry8b.o)
    0x08000138   0x00000008   Code   RO          365    .ARM.Collect$$$$0000000B  mc_w.l(entry9a.o)
    0x08000140   0x00000000   Code   RO          367    .ARM.Collect$$$$0000000D  mc_w.l(entry10a.o)
    0x08000140   0x00000000   Code   RO          369    .ARM.Collect$$$$0000000F  mc_w.l(entry11a.o)
    0x08000140   0x00000004   Code   RO          358    .ARM.Collect$$$$00002712  mc_w.l(entry2.o)
    0x08000144   0x00000024   Code   RO            4    .text               startup_stm32f10x_hd.o
    0x08000168   0x000001e0   Code   RO           24    .text               system_stm32f10x.o
    0x08000348   0x0000006c   Code   RO           76    .text               main.o
    0x080003b4   0x00000124   Code   RO          128    .text               stm32f10x_it.o
    0x080004d8   0x000000a8   Code   RO          147    .text               usart1.o
    0x08000580   0x00000044   Code   RO          159    .text               nvic.o
    0x080005c4   0x000000f8   Code   RO          171    .text               spi.o
    0x080006bc   0x000002c8   Code   RO          183    .text               nrf24l01.o
    0x08000984   0x0000002c   Code   RO          202    .text               led.o
    0x080009b0   0x00000070   Code   RO          214    .text               dma.o
    0x08000a20   0x000000dc   Code   RO          256    .text               misc.o
    0x08000afc   0x0000035c   Code   RO          268    .text               stm32f10x_gpio.o
    0x08000e58   0x0000030c   Code   RO          280    .text               stm32f10x_spi.o
    0x08001164   0x00000408   Code   RO          292    .text               stm32f10x_usart.o
    0x0800156c   0x000003a4   Code   RO          304    .text               stm32f10x_rcc.o
    0x08001910   0x00000254   Code   RO          330    .text               stm32f10x_dma.o
    0x08001b64   0x00000024   Code   RO          371    .text               mc_w.l(init.o)
    0x08001b88   0x0000000e   Code   RO          375    i.__scatterload_copy  mc_w.l(handlers.o)
    0x08001b96   0x00000002   Code   RO          376    i.__scatterload_null  mc_w.l(handlers.o)
    0x08001b98   0x0000000e   Code   RO          377    i.__scatterload_zeroinit  mc_w.l(handlers.o)
    0x08001ba6   0x00000002   PAD
    0x08001ba8   0x00000020   Data   RO          373    Region$$Table       anon$$obj.o


    Execution Region RW_IRAM1 (Base: 0x20000000, Size: 0x000004a8, Max: 0x00010000, ABSOLUTE)

    Base Addr    Size         Type   Attr      Idx    E Section Name        Object

    0x20000000   0x00000014   Data   RW           25    .data               system_stm32f10x.o
    0x20000014   0x00000002   Data   RW          130    .data               stm32f10x_it.o
    0x20000016   0x0000000a   Data   RW          185    .data               nrf24l01.o
    0x20000020   0x00000014   Data   RW          305    .data               stm32f10x_rcc.o
    0x20000034   0x0000002e   Zero   RW          129    .bss                stm32f10x_it.o
    0x20000062   0x00000040   Zero   RW          184    .bss                nrf24l01.o
    0x200000a2   0x00000006   PAD
    0x200000a8   0x00000400   Zero   RW            1    STACK               startup_stm32f10x_hd.o


==============================================================================

Image component sizes


      Code (inc. data)   RO Data    RW Data    ZI Data      Debug   Object Name

         0          0          0          0          0       4312   core_cm3.o
       112         14          0          0          0        525   dma.o
        44          6          0          0          0        453   led.o
       108          8          0          0          0       1900   main.o
       220         22          0          0          0       1717   misc.o
       712         18          0         10         64       3419   nrf24l01.o
        68          0          0          0          0        482   nvic.o
       248         12          0          0          0        787   spi.o
        36          8        304          0       1024        840   startup_stm32f10x_hd.o
       596          8          0          0          0       4246   stm32f10x_dma.o
       860         38          0          0          0       5565   stm32f10x_gpio.o
       292         22          0          2         46       2338   stm32f10x_it.o
       932         36          0         20          0       8716   stm32f10x_rcc.o
       780         14          0          0          0       6446   stm32f10x_spi.o
      1032         22          0          0          0       8288   stm32f10x_usart.o
       480         38          0         20          0     246243   system_stm32f10x.o
       168         10          0          0          0        786   usart1.o

    ----------------------------------------------------------------------
      6688        276        336         52       1140     297063   Object Totals
         0          0         32          0          0          0   (incl. Generated)
         0          0          0          0          6          0   (incl. Padding)

    ----------------------------------------------------------------------

      Code (inc. data)   RO Data    RW Data    ZI Data      Debug   Library Member Name

         0          0          0          0          0          0   entry.o
         0          0          0          0          0          0   entry10a.o
         0          0          0          0          0          0   entry11a.o
         8          4          0          0          0          0   entry2.o
         4          0          0          0          0          0   entry5.o
         0          0          0          0          0          0   entry7b.o
         0          0          0          0          0          0   entry8b.o
         8          4          0          0          0          0   entry9a.o
        30          0          0          0          0          0   handlers.o
        36          8          0          0          0         68   init.o

    ----------------------------------------------------------------------
        88         16          0          0          0         68   Library Totals
         2          0          0          0          0          0   (incl. Padding)

    ----------------------------------------------------------------------

      Code (inc. data)   RO Data    RW Data    ZI Data      Debug   Library Name

        86         16          0          0          0         68   mc_w.l

    ----------------------------------------------------------------------
        88         16          0          0          0         68   Library Totals

    ----------------------------------------------------------------------

==============================================================================


      Code (inc. data)   RO Data    RW Data    ZI Data      Debug   

      6776        292        336         52       1140     296087   Grand Totals
      6776        292        336         52       1140     296087   ELF Image Totals
      6776        292        336         52          0          0   ROM Totals

==============================================================================

    Total RO  Size (Code + RO Data)                 7112 (   6.95kB)
    Total RW  Size (RW Data + ZI Data)              1192 (   1.16kB)
    Total ROM Size (Code + RO Data + RW Data)       7164 (   7.00kB)

==============================================================================

